/mnt/huzaifa/miniconda3/envs/tta/lib/python3.12/site-packages/timm/models/layers/__init__.py:48: FutureWarning: Importing from timm.models.layers is deprecated, please import via timm.layers
  warnings.warn(f"Importing from {__name__} is deprecated, please import via timm.layers", FutureWarning)
[25/12/09 21:07:41] [model.py:   62]: Successfully restored 'IMAGENET1K_V1' pre-trained weights for model 'vit_l_16' from torchvision!
[25/12/09 21:07:42] [model.py:   62]: Successfully restored 'IMAGENET1K_V1' pre-trained weights for model 'resnet50' from torchvision!
[25/12/09 21:07:45] [base.py:  193]: #Trainable/total parameters: 2,102,120/25,557,032 	 Ratio: 8.225% 
[25/12/09 21:07:45] [test_time.py:   41]: Successfully prepared test-time adaptation method: eatta
[25/12/09 21:07:45] [test_time.py:   45]: Using imagenet_c with the following domain sequence: ['gaussian_noise']
[25/12/09 21:07:45] [test_time.py:   62]: resetting model
[25/12/09 21:07:45] [test_time.py:   90]: Using the following data transformation:
Compose(
    ToTensor()
)
Process Process-3:
Process Process-2:
Exception ignored in: <function _MultiProcessingDataLoaderIter.__del__ at 0x79e5032a05e0>
Traceback (most recent call last):
  File "/mnt/huzaifa/miniconda3/envs/tta/lib/python3.12/site-packages/torch/utils/data/dataloader.py", line 1479, in __del__
    self._shutdown_workers()
  File "/mnt/huzaifa/miniconda3/envs/tta/lib/python3.12/site-packages/torch/utils/data/dataloader.py", line 1443, in _shutdown_workers
    w.join(timeout=_utils.MP_STATUS_CHECK_INTERVAL)
  File "/mnt/huzaifa/miniconda3/envs/tta/lib/python3.12/multiprocessing/process.py", line 149, in join
    res = self._popen.wait(timeout)
          ^^^^^^^^^^^^^^^^^^^^^^^^^
  File "/mnt/huzaifa/miniconda3/envs/tta/lib/python3.12/multiprocessing/popen_fork.py", line 40, in wait
    if not wait([self.sentinel], timeout):
           ^^^^^^^^^^^^^^^^^^^^^^^^^^^^^^
  File "/mnt/huzaifa/miniconda3/envs/tta/lib/python3.12/multiprocessing/connection.py", line 1135, in wait
    ready = selector.select(timeout)
            ^^^^^^^^^^^^^^^^^^^^^^^^
  File "/mnt/huzaifa/miniconda3/envs/tta/lib/python3.12/selectors.py", line 415, in select
    fd_event_list = self._selector.poll(timeout)
                    ^^^^^^^^^^^^^^^^^^^^^^^^^^^^
KeyboardInterrupt: 
Traceback (most recent call last):
  File "/mnt/SAS_A/huzaifa/research/RobustAdaptation/classification/test_time.py", line 122, in <module>
    evaluate('"Evaluation.')
  File "/mnt/SAS_A/huzaifa/research/RobustAdaptation/classification/test_time.py", line 93, in evaluate
    acc, domain_dict, num_samples = get_accuracy(
                                    ^^^^^^^^^^^^^
  File "/mnt/SAS_A/huzaifa/research/RobustAdaptation/classification/utils/eval_utils.py", line 72, in get_accuracy
    output = model([img.to(device) for img in imgs]) if isinstance(imgs, list) else model(imgs.to(device), labels.to(device))
                                                                                    ^^^^^^^^^^^^^^^^^^^^^^^^^^^^^^^^^^^^^^^^^
  File "/mnt/huzaifa/miniconda3/envs/tta/lib/python3.12/site-packages/torch/nn/modules/module.py", line 1511, in _wrapped_call_impl
    return self._call_impl(*args, **kwargs)
           ^^^^^^^^^^^^^^^^^^^^^^^^^^^^^^^^
  File "/mnt/huzaifa/miniconda3/envs/tta/lib/python3.12/site-packages/torch/nn/modules/module.py", line 1520, in _call_impl
    return forward_call(*args, **kwargs)
           ^^^^^^^^^^^^^^^^^^^^^^^^^^^^^
  File "/mnt/SAS_A/huzaifa/research/RobustAdaptation/classification/methods/base.py", line 120, in forward
    outputs = self.forward_and_adapt(x,y)
              ^^^^^^^^^^^^^^^^^^^^^^^^^^^
  File "/mnt/huzaifa/miniconda3/envs/tta/lib/python3.12/site-packages/torch/utils/_contextlib.py", line 115, in decorate_context
    return func(*args, **kwargs)
           ^^^^^^^^^^^^^^^^^^^^^
  File "/mnt/SAS_A/huzaifa/research/RobustAdaptation/classification/methods/eatta.py", line 253, in forward_and_adapt
    outputs, loss = self.loss_calculation(x, y, apply_ce=apply_ce)
                    ^^^^^^^^^^^^^^^^^^^^^^^^^^^^^^^^^^^^^^^^^^^^^^
  File "/mnt/SAS_A/huzaifa/research/RobustAdaptation/classification/methods/eatta.py", line 85, in loss_calculation
    ids1 = torch.where(entropys < self.e_margin)[0]
           ^^^^^^^^^^^^^^^^^^^^^^^^^^^^^^^^^^^^^
KeyboardInterrupt
